0 verbose cli C:\Program Files\nodejs\node.exe C:\Users\arami\AppData\Roaming\npm\node_modules\npm\bin\npm-cli.js
1 info using npm@11.9.0
2 info using node@v25.6.1
3 silly config load:file:C:\Users\arami\AppData\Roaming\npm\node_modules\npm\npmrc
4 silly config load:file:C:\Projects\The-Performa\.npmrc
5 silly config load:file:C:\Users\arami\.npmrc
6 silly config load:file:C:\Users\arami\AppData\Roaming\npm\etc\npmrc
7 verbose title npm exec supabase@latest functions deploy live --project-ref iahvjkodgrwatcpjdxna --no-verify-jwt
8 verbose argv "exec" "--" "supabase@latest" "functions" "deploy" "live" "--project-ref" "iahvjkodgrwatcpjdxna" "--no-verify-jwt"
9 verbose logfile logs-max:10 dir:C:\Projects\The-Performa\.npm-cache\_logs\2026-03-08T18_54_21_091Z-
10 verbose logfile C:\Projects\The-Performa\.npm-cache\_logs\2026-03-08T18_54_21_091Z-debug-0.log
11 silly logfile start cleaning logs, removing 1 files
12 silly logfile done cleaning log files
13 silly packumentCache heap:4496293888 maxSize:1124073472 maxEntrySize:562036736
14 verbose shrinkwrap failed to load node_modules/.package-lock.json out of date, updated: node_modules
15 http fetch GET 200 https://registry.npmjs.org/supabase 183ms (cache updated)
16 silly packumentCache heap:4496293888 maxSize:1124073472 maxEntrySize:562036736
17 silly packumentCache heap:4496293888 maxSize:1124073472 maxEntrySize:562036736
18 silly idealTree buildDeps
19 silly fetch manifest supabase@2.77.0
20 silly packumentCache full:https://registry.npmjs.org/supabase cache-miss
21 http fetch GET 200 https://registry.npmjs.org/supabase 182ms (cache updated)
22 silly packumentCache full:https://registry.npmjs.org/supabase set size:undefined disposed:false
23 silly placeDep ROOT supabase@2.77.0 REPLACE for:  want: 2.77.0
24 silly reify mark retired [
24 silly reify   'C:\\Projects\\The-Performa\\.npm-cache\\_npx\\b96a6bd565c470ce\\node_modules\\supabase',
24 silly reify   'C:\\Projects\\The-Performa\\.npm-cache\\_npx\\b96a6bd565c470ce\\node_modules\\.bin\\supabase',
24 silly reify   'C:\\Projects\\The-Performa\\.npm-cache\\_npx\\b96a6bd565c470ce\\node_modules\\.bin\\supabase.cmd',
24 silly reify   'C:\\Projects\\The-Performa\\.npm-cache\\_npx\\b96a6bd565c470ce\\node_modules\\.bin\\supabase.ps1'
24 silly reify ]
25 silly reify moves {
25 silly reify   'C:\\Projects\\The-Performa\\.npm-cache\\_npx\\b96a6bd565c470ce\\node_modules\\supabase': 'C:\\Projects\\The-Performa\\.npm-cache\\_npx\\b96a6bd565c470ce\\node_modules\\.supabase-mrOCqjxu',
25 silly reify   'C:\\Projects\\The-Performa\\.npm-cache\\_npx\\b96a6bd565c470ce\\node_modules\\.bin\\supabase': 'C:\\Projects\\The-Performa\\.npm-cache\\_npx\\b96a6bd565c470ce\\node_modules\\.bin\\.supabase-LCUkQQFj',
25 silly reify   'C:\\Projects\\The-Performa\\.npm-cache\\_npx\\b96a6bd565c470ce\\node_modules\\.bin\\supabase.cmd': 'C:\\Projects\\The-Performa\\.npm-cache\\_npx\\b96a6bd565c470ce\\node_modules\\.bin\\.supabase.cmd-F7LNVTPh',
25 silly reify   'C:\\Projects\\The-Performa\\.npm-cache\\_npx\\b96a6bd565c470ce\\node_modules\\.bin\\supabase.ps1': 'C:\\Projects\\The-Performa\\.npm-cache\\_npx\\b96a6bd565c470ce\\node_modules\\.bin\\.supabase.ps1-zVB7NJmA'
25 silly reify }
26 silly audit bulk request {
26 silly audit   '@isaacs/fs-minipass': [ '4.0.1' ],
26 silly audit   'agent-base': [ '7.1.4' ],
26 silly audit   'bin-links': [ '6.0.0' ],
26 silly audit   chownr: [ '3.0.0' ],
26 silly audit   'cmd-shim': [ '8.0.0' ],
26 silly audit   'data-uri-to-buffer': [ '4.0.1' ],
26 silly audit   debug: [ '4.4.3' ],
26 silly audit   'fetch-blob': [ '3.2.0' ],
26 silly audit   'formdata-polyfill': [ '4.0.10' ],
26 silly audit   'https-proxy-agent': [ '7.0.6' ],
26 silly audit   minipass: [ '7.1.3' ],
26 silly audit   minizlib: [ '3.1.0' ],
26 silly audit   ms: [ '2.1.3' ],
26 silly audit   'node-domexception': [ '1.0.0' ],
26 silly audit   'node-fetch': [ '3.3.2' ],
26 silly audit   'npm-normalize-package-bin': [ '5.0.0' ],
26 silly audit   'proc-log': [ '6.1.0' ],
26 silly audit   'read-cmd-shim': [ '6.0.0' ],
26 silly audit   'signal-exit': [ '4.1.0' ],
26 silly audit   tar: [ '7.5.10' ],
26 silly audit   'web-streams-polyfill': [ '3.3.3' ],
26 silly audit   'write-file-atomic': [ '7.0.1' ],
26 silly audit   yallist: [ '5.0.0' ],
26 silly audit   supabase: [ '2.77.0' ]
26 silly audit }
27 http cache supabase@https://registry.npmjs.org/supabase/-/supabase-2.77.0.tgz 0ms (cache hit)
28 silly tarball no local data for supabase@https://registry.npmjs.org/supabase/-/supabase-2.77.0.tgz. Extracting by manifest.
29 http fetch GET 200 https://registry.npmjs.org/supabase/-/supabase-2.77.0.tgz 94ms (cache miss)
30 info run supabase@2.77.0 postinstall node_modules/supabase node scripts/postinstall.js
31 http fetch POST 200 https://registry.npmjs.org/-/npm/v1/security/advisories/bulk 119ms
32 silly audit report {}
33 info run supabase@2.77.0 postinstall { code: 0, signal: null }
34 verbose cwd C:\Projects\The-Performa
35 verbose os Windows_NT 10.0.26200
36 verbose node v25.6.1
37 verbose npm  v11.9.0
38 verbose exit 0
39 info ok
