0 verbose cli C:\Program Files\nodejs\node.exe C:\Users\arami\AppData\Roaming\npm\node_modules\npm\bin\npm-cli.js
1 info using npm@11.9.0
2 info using node@v25.6.1
3 silly config load:file:C:\Users\arami\AppData\Roaming\npm\node_modules\npm\npmrc
4 silly config load:file:C:\Projects\The-Performa\.npmrc
5 silly config load:file:C:\Users\arami\.npmrc
6 silly config load:file:C:\Users\arami\AppData\Roaming\npm\etc\npmrc
7 verbose title npm exec supabase functions deploy live --project-ref iahvjkodgrwatcpjdxna
8 verbose argv "exec" "--" "supabase" "functions" "deploy" "live" "--project-ref" "iahvjkodgrwatcpjdxna"
9 verbose logfile logs-max:10 dir:C:\Projects\The-Performa\.npm-cache\_logs\2026-03-22T21_15_53_457Z-
10 verbose logfile C:\Projects\The-Performa\.npm-cache\_logs\2026-03-22T21_15_53_457Z-debug-0.log
11 silly logfile start cleaning logs, removing 1 files
12 silly logfile done cleaning log files
13 silly packumentCache heap:4496293888 maxSize:1124073472 maxEntrySize:562036736
14 verbose shrinkwrap failed to load node_modules/.package-lock.json out of date, updated: node_modules
15 http fetch GET 200 https://registry.npmjs.org/supabase 145ms (cache updated)
16 silly packumentCache heap:4496293888 maxSize:1124073472 maxEntrySize:562036736
17 silly packumentCache heap:4496293888 maxSize:1124073472 maxEntrySize:562036736
18 warn exec The following package was not found and will be installed: supabase@2.83.0
19 silly idealTree buildDeps
20 silly fetch manifest supabase@2.83.0
21 silly packumentCache full:https://registry.npmjs.org/supabase cache-miss
22 http fetch GET 200 https://registry.npmjs.org/supabase 161ms (cache updated)
23 silly packumentCache full:https://registry.npmjs.org/supabase set size:undefined disposed:false
24 silly placeDep ROOT supabase@2.83.0 REPLACE for:  want: 2.83.0
25 silly reify mark retired [
25 silly reify   'C:\\Projects\\The-Performa\\.npm-cache\\_npx\\aa8e5c70f9d8d161\\node_modules\\supabase',
25 silly reify   'C:\\Projects\\The-Performa\\.npm-cache\\_npx\\aa8e5c70f9d8d161\\node_modules\\.bin\\supabase',
25 silly reify   'C:\\Projects\\The-Performa\\.npm-cache\\_npx\\aa8e5c70f9d8d161\\node_modules\\.bin\\supabase.cmd',
25 silly reify   'C:\\Projects\\The-Performa\\.npm-cache\\_npx\\aa8e5c70f9d8d161\\node_modules\\.bin\\supabase.ps1'
25 silly reify ]
26 silly reify moves {
26 silly reify   'C:\\Projects\\The-Performa\\.npm-cache\\_npx\\aa8e5c70f9d8d161\\node_modules\\supabase': 'C:\\Projects\\The-Performa\\.npm-cache\\_npx\\aa8e5c70f9d8d161\\node_modules\\.supabase-K9luczqF',
26 silly reify   'C:\\Projects\\The-Performa\\.npm-cache\\_npx\\aa8e5c70f9d8d161\\node_modules\\.bin\\supabase': 'C:\\Projects\\The-Performa\\.npm-cache\\_npx\\aa8e5c70f9d8d161\\node_modules\\.bin\\.supabase-4bB8W1y8',
26 silly reify   'C:\\Projects\\The-Performa\\.npm-cache\\_npx\\aa8e5c70f9d8d161\\node_modules\\.bin\\supabase.cmd': 'C:\\Projects\\The-Performa\\.npm-cache\\_npx\\aa8e5c70f9d8d161\\node_modules\\.bin\\.supabase.cmd-npMbSsVn',
26 silly reify   'C:\\Projects\\The-Performa\\.npm-cache\\_npx\\aa8e5c70f9d8d161\\node_modules\\.bin\\supabase.ps1': 'C:\\Projects\\The-Performa\\.npm-cache\\_npx\\aa8e5c70f9d8d161\\node_modules\\.bin\\.supabase.ps1-tcoOoGeU'
26 silly reify }
27 silly audit bulk request {
27 silly audit   '@isaacs/fs-minipass': [ '4.0.1' ],
27 silly audit   'agent-base': [ '7.1.4' ],
27 silly audit   'bin-links': [ '6.0.0' ],
27 silly audit   chownr: [ '3.0.0' ],
27 silly audit   'cmd-shim': [ '8.0.0' ],
27 silly audit   'data-uri-to-buffer': [ '4.0.1' ],
27 silly audit   debug: [ '4.4.3' ],
27 silly audit   'fetch-blob': [ '3.2.0' ],
27 silly audit   'formdata-polyfill': [ '4.0.10' ],
27 silly audit   'https-proxy-agent': [ '7.0.6' ],
27 silly audit   minipass: [ '7.1.3' ],
27 silly audit   minizlib: [ '3.1.0' ],
27 silly audit   ms: [ '2.1.3' ],
27 silly audit   'node-domexception': [ '1.0.0' ],
27 silly audit   'node-fetch': [ '3.3.2' ],
27 silly audit   'npm-normalize-package-bin': [ '5.0.0' ],
27 silly audit   'proc-log': [ '6.1.0' ],
27 silly audit   'read-cmd-shim': [ '6.0.0' ],
27 silly audit   'signal-exit': [ '4.1.0' ],
27 silly audit   tar: [ '7.5.11' ],
27 silly audit   'web-streams-polyfill': [ '3.3.3' ],
27 silly audit   'write-file-atomic': [ '7.0.1' ],
27 silly audit   yallist: [ '5.0.0' ],
27 silly audit   supabase: [ '2.83.0' ]
27 silly audit }
28 http cache supabase@https://registry.npmjs.org/supabase/-/supabase-2.83.0.tgz 0ms (cache hit)
29 silly tarball no local data for supabase@https://registry.npmjs.org/supabase/-/supabase-2.83.0.tgz. Extracting by manifest.
30 http fetch GET 200 https://registry.npmjs.org/supabase/-/supabase-2.83.0.tgz 85ms (cache miss)
31 info run supabase@2.83.0 postinstall node_modules/supabase node scripts/postinstall.js
32 http fetch POST 200 https://registry.npmjs.org/-/npm/v1/security/advisories/bulk 116ms
33 silly audit report {}
34 info run supabase@2.83.0 postinstall { code: 0, signal: null }
35 verbose cwd C:\Projects\The-Performa
36 verbose os Windows_NT 10.0.26200
37 verbose node v25.6.1
38 verbose npm  v11.9.0
39 verbose exit 0
40 info ok
