0 verbose cli C:\Program Files\nodejs\node.exe C:\Users\arami\AppData\Roaming\npm\node_modules\npm\bin\npm-cli.js
1 info using npm@11.9.0
2 info using node@v25.6.1
3 silly config load:file:C:\Users\arami\AppData\Roaming\npm\node_modules\npm\npmrc
4 silly config load:file:C:\Projects\The-Performa\.npmrc
5 silly config load:file:C:\Users\arami\.npmrc
6 silly config load:file:C:\Users\arami\AppData\Roaming\npm\etc\npmrc
7 verbose title npm exec supabase --version
8 verbose argv "exec" "--" "supabase" "--version"
9 verbose logfile logs-max:10 dir:C:\Projects\The-Performa\.npm-cache\_logs\2026-03-22T21_13_15_031Z-
10 verbose logfile C:\Projects\The-Performa\.npm-cache\_logs\2026-03-22T21_13_15_031Z-debug-0.log
11 silly logfile start cleaning logs, removing 1 files
12 silly logfile done cleaning log files
13 silly packumentCache heap:4496293888 maxSize:1124073472 maxEntrySize:562036736
14 verbose shrinkwrap failed to load node_modules/.package-lock.json out of date, updated: node_modules
15 http fetch GET https://registry.npmjs.org/npm attempt 1 failed with EACCES
16 http fetch GET https://registry.npmjs.org/supabase attempt 1 failed with EACCES
17 http fetch GET https://registry.npmjs.org/npm attempt 2 failed with EACCES
18 http fetch GET https://registry.npmjs.org/supabase attempt 2 failed with EACCES
19 http fetch GET https://registry.npmjs.org/npm attempt 3 failed with EACCES
20 http fetch GET https://registry.npmjs.org/supabase attempt 3 failed with EACCES
21 http fetch GET 200 https://registry.npmjs.org/supabase 70065ms (cache stale)
22 silly packumentCache heap:4496293888 maxSize:1124073472 maxEntrySize:562036736
23 silly packumentCache heap:4496293888 maxSize:1124073472 maxEntrySize:562036736
24 verbose cwd C:\Projects\The-Performa
25 verbose os Windows_NT 10.0.26200
26 verbose node v25.6.1
27 verbose npm  v11.9.0
28 verbose exit 0
29 info ok
