0 verbose cli C:\Program Files\nodejs\node.exe C:\Users\arami\AppData\Roaming\npm\node_modules\npm\bin\npm-cli.js
1 info using npm@11.9.0
2 info using node@v25.6.1
3 silly config load:file:C:\Users\arami\AppData\Roaming\npm\node_modules\npm\npmrc
4 silly config load:file:C:\Projects\The-Performa\.npmrc
5 silly config load:file:C:\Users\arami\.npmrc
6 silly config load:file:C:\Users\arami\AppData\Roaming\npm\etc\npmrc
7 verbose title npm exec supabase db query --linked -f supabase/migrations/20260325_feed_share_identity.sql
8 verbose argv "exec" "--" "supabase" "db" "query" "--linked" "-f" "supabase/migrations/20260325_feed_share_identity.sql"
9 verbose logfile logs-max:10 dir:C:\Projects\The-Performa\.npm-cache\_logs\2026-03-25T17_57_57_015Z-
10 verbose logfile C:\Projects\The-Performa\.npm-cache\_logs\2026-03-25T17_57_57_015Z-debug-0.log
11 silly logfile start cleaning logs, removing 1 files
12 silly logfile done cleaning log files
13 silly packumentCache heap:4496293888 maxSize:1124073472 maxEntrySize:562036736
14 verbose shrinkwrap failed to load node_modules/.package-lock.json out of date, updated: node_modules
15 http fetch GET 200 https://registry.npmjs.org/supabase 150ms (cache updated)
16 silly packumentCache heap:4496293888 maxSize:1124073472 maxEntrySize:562036736
17 silly packumentCache heap:4496293888 maxSize:1124073472 maxEntrySize:562036736
18 warn exec The following package was not found and will be installed: supabase@2.84.1
19 silly idealTree buildDeps
20 silly fetch manifest supabase@2.84.1
21 silly packumentCache full:https://registry.npmjs.org/supabase cache-miss
22 http fetch GET 200 https://registry.npmjs.org/supabase 63ms (cache updated)
23 silly packumentCache full:https://registry.npmjs.org/supabase set size:undefined disposed:false
24 silly placeDep ROOT supabase@2.84.1 REPLACE for:  want: 2.84.1
25 silly fetch manifest https-proxy-agent@^8.0.0
26 silly packumentCache full:https://registry.npmjs.org/https-proxy-agent cache-miss
27 silly fetch manifest tar@7.5.13
28 silly packumentCache full:https://registry.npmjs.org/tar cache-miss
29 http fetch GET 200 https://registry.npmjs.org/tar 49ms (cache updated)
30 silly packumentCache full:https://registry.npmjs.org/tar set size:undefined disposed:false
31 http fetch GET 200 https://registry.npmjs.org/https-proxy-agent 90ms (cache revalidated)
32 silly packumentCache full:https://registry.npmjs.org/https-proxy-agent set size:78754 disposed:false
33 silly placeDep ROOT https-proxy-agent@8.0.0 OK for: supabase@2.84.1 want: ^8.0.0
34 silly placeDep ROOT tar@7.5.13 OK for: supabase@2.84.1 want: 7.5.13
35 silly fetch manifest debug@^4.3.4
36 silly packumentCache full:https://registry.npmjs.org/debug cache-miss
37 silly fetch manifest agent-base@8.0.0
38 silly packumentCache full:https://registry.npmjs.org/agent-base cache-miss
39 silly fetch manifest @isaacs/fs-minipass@^4.0.0
40 silly packumentCache full:https://registry.npmjs.org/@isaacs%2ffs-minipass cache-miss
41 silly fetch manifest chownr@^3.0.0
42 silly packumentCache full:https://registry.npmjs.org/chownr cache-miss
43 silly fetch manifest minipass@^7.1.2
44 silly packumentCache full:https://registry.npmjs.org/minipass cache-miss
45 silly fetch manifest minizlib@^3.1.0
46 silly packumentCache full:https://registry.npmjs.org/minizlib cache-miss
47 silly fetch manifest yallist@^5.0.0
48 silly packumentCache full:https://registry.npmjs.org/yallist cache-miss
49 http fetch GET 200 https://registry.npmjs.org/debug 51ms (cache revalidated)
50 silly packumentCache full:https://registry.npmjs.org/debug set size:195840 disposed:false
51 http fetch GET 200 https://registry.npmjs.org/@isaacs%2ffs-minipass 57ms (cache revalidated)
52 silly packumentCache full:https://registry.npmjs.org/@isaacs%2ffs-minipass set size:7912 disposed:false
53 http fetch GET 200 https://registry.npmjs.org/minipass 88ms (cache revalidated)
54 silly packumentCache full:https://registry.npmjs.org/minipass set size:276925 disposed:false
55 http fetch GET 200 https://registry.npmjs.org/chownr 95ms (cache revalidated)
56 silly packumentCache full:https://registry.npmjs.org/chownr set size:22157 disposed:false
57 http fetch GET 200 https://registry.npmjs.org/yallist 95ms (cache revalidated)
58 silly packumentCache full:https://registry.npmjs.org/yallist set size:34610 disposed:false
59 http fetch GET 200 https://registry.npmjs.org/minizlib 96ms (cache revalidated)
60 silly packumentCache full:https://registry.npmjs.org/minizlib set size:62862 disposed:false
61 http fetch GET 200 https://registry.npmjs.org/agent-base 99ms (cache revalidated)
62 silly packumentCache full:https://registry.npmjs.org/agent-base set size:69775 disposed:false
63 silly placeDep ROOT agent-base@8.0.0 OK for: https-proxy-agent@8.0.0 want: 8.0.0
64 silly placeDep ROOT debug@4.4.3 OK for: https-proxy-agent@8.0.0 want: ^4.3.4
65 silly fetch manifest ms@^2.1.3
66 silly packumentCache full:https://registry.npmjs.org/ms cache-miss
67 http fetch GET 200 https://registry.npmjs.org/ms 41ms (cache revalidated)
68 silly packumentCache full:https://registry.npmjs.org/ms set size:92208 disposed:false
69 silly placeDep ROOT ms@2.1.3 OK for: debug@4.4.3 want: ^2.1.3
70 silly placeDep ROOT @isaacs/fs-minipass@4.0.1 OK for: tar@7.5.13 want: ^4.0.0
71 silly placeDep ROOT chownr@3.0.0 OK for: tar@7.5.13 want: ^3.0.0
72 silly placeDep ROOT minipass@7.1.3 OK for: tar@7.5.13 want: ^7.1.2
73 silly placeDep ROOT minizlib@3.1.0 OK for: tar@7.5.13 want: ^3.1.0
74 silly placeDep ROOT yallist@5.0.0 OK for: tar@7.5.13 want: ^5.0.0
75 silly fetch manifest minipass@^7.0.4
76 silly packumentCache full:https://registry.npmjs.org/minipass cache-hit
77 silly reify mark retired [
77 silly reify   'C:\\Projects\\The-Performa\\.npm-cache\\_npx\\aa8e5c70f9d8d161\\node_modules\\agent-base'
77 silly reify ]
78 silly reify mark retired [
78 silly reify   'C:\\Projects\\The-Performa\\.npm-cache\\_npx\\aa8e5c70f9d8d161\\node_modules\\https-proxy-agent'
78 silly reify ]
79 silly reify mark retired [
79 silly reify   'C:\\Projects\\The-Performa\\.npm-cache\\_npx\\aa8e5c70f9d8d161\\node_modules\\supabase',
79 silly reify   'C:\\Projects\\The-Performa\\.npm-cache\\_npx\\aa8e5c70f9d8d161\\node_modules\\.bin\\supabase',
79 silly reify   'C:\\Projects\\The-Performa\\.npm-cache\\_npx\\aa8e5c70f9d8d161\\node_modules\\.bin\\supabase.cmd',
79 silly reify   'C:\\Projects\\The-Performa\\.npm-cache\\_npx\\aa8e5c70f9d8d161\\node_modules\\.bin\\supabase.ps1'
79 silly reify ]
80 silly reify mark retired [
80 silly reify   'C:\\Projects\\The-Performa\\.npm-cache\\_npx\\aa8e5c70f9d8d161\\node_modules\\tar'
80 silly reify ]
81 silly reify moves {
81 silly reify   'C:\\Projects\\The-Performa\\.npm-cache\\_npx\\aa8e5c70f9d8d161\\node_modules\\agent-base': 'C:\\Projects\\The-Performa\\.npm-cache\\_npx\\aa8e5c70f9d8d161\\node_modules\\.agent-base-DPrKKKxH',
81 silly reify   'C:\\Projects\\The-Performa\\.npm-cache\\_npx\\aa8e5c70f9d8d161\\node_modules\\https-proxy-agent': 'C:\\Projects\\The-Performa\\.npm-cache\\_npx\\aa8e5c70f9d8d161\\node_modules\\.https-proxy-agent-Mn0hG8rq',
81 silly reify   'C:\\Projects\\The-Performa\\.npm-cache\\_npx\\aa8e5c70f9d8d161\\node_modules\\supabase': 'C:\\Projects\\The-Performa\\.npm-cache\\_npx\\aa8e5c70f9d8d161\\node_modules\\.supabase-K9luczqF',
81 silly reify   'C:\\Projects\\The-Performa\\.npm-cache\\_npx\\aa8e5c70f9d8d161\\node_modules\\.bin\\supabase': 'C:\\Projects\\The-Performa\\.npm-cache\\_npx\\aa8e5c70f9d8d161\\node_modules\\.bin\\.supabase-4bB8W1y8',
81 silly reify   'C:\\Projects\\The-Performa\\.npm-cache\\_npx\\aa8e5c70f9d8d161\\node_modules\\.bin\\supabase.cmd': 'C:\\Projects\\The-Performa\\.npm-cache\\_npx\\aa8e5c70f9d8d161\\node_modules\\.bin\\.supabase.cmd-npMbSsVn',
81 silly reify   'C:\\Projects\\The-Performa\\.npm-cache\\_npx\\aa8e5c70f9d8d161\\node_modules\\.bin\\supabase.ps1': 'C:\\Projects\\The-Performa\\.npm-cache\\_npx\\aa8e5c70f9d8d161\\node_modules\\.bin\\.supabase.ps1-tcoOoGeU',
81 silly reify   'C:\\Projects\\The-Performa\\.npm-cache\\_npx\\aa8e5c70f9d8d161\\node_modules\\tar': 'C:\\Projects\\The-Performa\\.npm-cache\\_npx\\aa8e5c70f9d8d161\\node_modules\\.tar-WL4sR7Yf'
81 silly reify }
82 silly audit bulk request {
82 silly audit   'bin-links': [ '6.0.0' ],
82 silly audit   'cmd-shim': [ '8.0.0' ],
82 silly audit   'data-uri-to-buffer': [ '4.0.1' ],
82 silly audit   'fetch-blob': [ '3.2.0' ],
82 silly audit   'formdata-polyfill': [ '4.0.10' ],
82 silly audit   'node-domexception': [ '1.0.0' ],
82 silly audit   'node-fetch': [ '3.3.2' ],
82 silly audit   'npm-normalize-package-bin': [ '5.0.0' ],
82 silly audit   'proc-log': [ '6.1.0' ],
82 silly audit   'read-cmd-shim': [ '6.0.0' ],
82 silly audit   'signal-exit': [ '4.1.0' ],
82 silly audit   'web-streams-polyfill': [ '3.3.3' ],
82 silly audit   'write-file-atomic': [ '7.0.1' ],
82 silly audit   supabase: [ '2.84.1' ],
82 silly audit   'https-proxy-agent': [ '8.0.0' ],
82 silly audit   tar: [ '7.5.13' ],
82 silly audit   'agent-base': [ '8.0.0' ],
82 silly audit   debug: [ '4.4.3' ],
82 silly audit   ms: [ '2.1.3' ],
82 silly audit   '@isaacs/fs-minipass': [ '4.0.1' ],
82 silly audit   chownr: [ '3.0.0' ],
82 silly audit   minipass: [ '7.1.3' ],
82 silly audit   minizlib: [ '3.1.0' ],
82 silly audit   yallist: [ '5.0.0' ]
82 silly audit }
83 http cache tar@https://registry.npmjs.org/tar/-/tar-7.5.13.tgz 0ms (cache hit)
84 http cache supabase@https://registry.npmjs.org/supabase/-/supabase-2.84.1.tgz 0ms (cache hit)
85 http cache https-proxy-agent@https://registry.npmjs.org/https-proxy-agent/-/https-proxy-agent-8.0.0.tgz 0ms (cache hit)
86 http cache agent-base@https://registry.npmjs.org/agent-base/-/agent-base-8.0.0.tgz 0ms (cache hit)
87 silly tarball no local data for tar@https://registry.npmjs.org/tar/-/tar-7.5.13.tgz. Extracting by manifest.
88 silly tarball no local data for supabase@https://registry.npmjs.org/supabase/-/supabase-2.84.1.tgz. Extracting by manifest.
89 silly tarball no local data for https-proxy-agent@https://registry.npmjs.org/https-proxy-agent/-/https-proxy-agent-8.0.0.tgz. Extracting by manifest.
90 silly tarball no local data for agent-base@https://registry.npmjs.org/agent-base/-/agent-base-8.0.0.tgz. Extracting by manifest.
91 http fetch GET 200 https://registry.npmjs.org/supabase/-/supabase-2.84.1.tgz 49ms (cache miss)
92 http fetch GET 200 https://registry.npmjs.org/agent-base/-/agent-base-8.0.0.tgz 58ms (cache miss)
93 http fetch GET 200 https://registry.npmjs.org/https-proxy-agent/-/https-proxy-agent-8.0.0.tgz 60ms (cache miss)
94 http fetch POST 200 https://registry.npmjs.org/-/npm/v1/security/advisories/bulk 110ms
95 silly audit report {}
96 http fetch GET 200 https://registry.npmjs.org/tar/-/tar-7.5.13.tgz 341ms (cache miss)
97 info run supabase@2.84.1 postinstall node_modules/supabase node scripts/postinstall.js
98 info run supabase@2.84.1 postinstall { code: 0, signal: null }
99 verbose cwd C:\Projects\The-Performa
100 verbose os Windows_NT 10.0.26200
101 verbose node v25.6.1
102 verbose npm  v11.9.0
103 verbose exit 0
104 info ok
