0 verbose cli C:\Program Files\nodejs\node.exe C:\Users\arami\AppData\Roaming\npm\node_modules\npm\bin\npm-cli.js
1 info using npm@11.9.0
2 info using node@v25.6.1
3 silly config load:file:C:\Users\arami\AppData\Roaming\npm\node_modules\npm\npmrc
4 warn Unknown cli config "--noEmit". This will stop working in the next major version of npm.
5 warn Unknown cli config "--pretty". This will stop working in the next major version of npm.
6 silly config load:file:C:\Projects\The-Performa\.npmrc
7 silly config load:file:C:\Users\arami\.npmrc
8 silly config load:file:C:\Users\arami\AppData\Roaming\npm\etc\npmrc
9 verbose title npm exec tsc
10 verbose argv "exec" "tsc" "--noEmit" "--pretty" "false"
11 verbose logfile logs-max:10 dir:C:\Projects\The-Performa\.npm-cache\_logs\2026-03-15T06_40_43_575Z-
12 verbose logfile C:\Projects\The-Performa\.npm-cache\_logs\2026-03-15T06_40_43_575Z-debug-0.log
13 silly logfile start cleaning logs, removing 1 files
14 silly logfile done cleaning log files
15 verbose cwd C:\Projects\The-Performa
16 verbose os Windows_NT 10.0.26200
17 verbose node v25.6.1
18 verbose npm  v11.9.0
19 verbose exit 2
20 verbose code 2
